2025-12-22 17:37:18 - ai_avatar_studio - [31mERROR[0m - main.py:209 - Failed to import GUI components: cannot import name 'ModelManager' from 'utils' (C:\Users\rkste\Desktop\AI  Avatar  talking\utils\__init__.py)
2025-12-22 17:52:29 - ai_avatar_studio - [35mCRITICAL[0m - main.py:269 - Critical error: Unable to convert function return value to a Python type! The signature was
	() -> handle
Traceback (most recent call last):
  File "C:\Users\rkste\Desktop\AI  Avatar  talking\main.py", line 231, in main
    if not check_system_requirements():
           ^^^^^^^^^^^^^^^^^^^^^^^^^^^
  File "C:\Users\rkste\Desktop\AI  Avatar  talking\utils\system_checker.py", line 293, in check_system_requirements
    results = checker.check_all()
              ^^^^^^^^^^^^^^^^^^^
  File "C:\Users\rkste\Desktop\AI  Avatar  talking\utils\system_checker.py", line 33, in check_all
    'python_packages': self.check_python_packages(),
                       ^^^^^^^^^^^^^^^^^^^^^^^^^^^^
  File "C:\Users\rkste\Desktop\AI  Avatar  talking\utils\system_checker.py", line 184, in check_python_packages
    __import__(package.replace('-', '_').split('[')[0])
  File "C:\Users\rkste\AppData\Local\Programs\Python\Python311\Lib\site-packages\mediapipe\__init__.py", line 15, in <module>
    import mediapipe.tasks.python as tasks
  File "C:\Users\rkste\AppData\Local\Programs\Python\Python311\Lib\site-packages\mediapipe\tasks\python\__init__.py", line 17, in <module>
    from . import audio
  File "C:\Users\rkste\AppData\Local\Programs\Python\Python311\Lib\site-packages\mediapipe\tasks\python\audio\__init__.py", line 18, in <module>
    import mediapipe.tasks.python.audio.audio_classifier
  File "C:\Users\rkste\AppData\Local\Programs\Python\Python311\Lib\site-packages\mediapipe\tasks\python\audio\audio_classifier.py", line 21, in <module>
    from mediapipe.tasks.python.audio.core import audio_task_running_mode
  File "C:\Users\rkste\AppData\Local\Programs\Python\Python311\Lib\site-packages\mediapipe\tasks\python\audio\core\audio_task_running_mode.py", line 19, in <module>
    from mediapipe.tasks.python.core.optional_dependencies import doc_controls
  File "C:\Users\rkste\AppData\Local\Programs\Python\Python311\Lib\site-packages\mediapipe\tasks\python\core\optional_dependencies.py", line 20, in <module>
    from tensorflow.tools.docs import doc_controls
  File "C:\Users\rkste\AppData\Local\Programs\Python\Python311\Lib\site-packages\tensorflow\__init__.py", line 38, in <module>
    from tensorflow.python.tools import module_util as _module_util
  File "C:\Users\rkste\AppData\Local\Programs\Python\Python311\Lib\site-packages\tensorflow\python\__init__.py", line 37, in <module>
    from tensorflow.python.eager import context
  File "C:\Users\rkste\AppData\Local\Programs\Python\Python311\Lib\site-packages\tensorflow\python\eager\context.py", line 36, in <module>
    from tensorflow.python.eager import execute
  File "C:\Users\rkste\AppData\Local\Programs\Python\Python311\Lib\site-packages\tensorflow\python\eager\execute.py", line 21, in <module>
    from tensorflow.python.framework import dtypes
  File "C:\Users\rkste\AppData\Local\Programs\Python\Python311\Lib\site-packages\tensorflow\python\framework\dtypes.py", line 38, in <module>
    _np_bfloat16 = pywrap_bfloat16.bfloat16_type()
                   ^^^^^^^^^^^^^^^^^^^^^^^^^^^^^^^
TypeError: Unable to convert function return value to a Python type! The signature was
	() -> handle
2025-12-22 17:54:08 - ai_avatar_studio - [31mERROR[0m - main.py:209 - Failed to import GUI components: cannot import name 'ModelManager' from 'utils' (C:\Users\rkste\Desktop\AI  Avatar  talking\utils\__init__.py)
